==================================================
≡ƒº¬ TEST 1: BRAND NEW LEAD (isKnownLead = false)
==================================================
User: Hi, I have a KTM Duke 390. Does FuelX Autotune make a big difference?

Race Bot (Expected to ask for details gradually):

Yes, the FuelX Autotune can make a noticeable difference on your KTM Duke 390. It optimizes the fuel delivery by adapting to various factors such as your riding style, engine condition, modifications, and environmental conditions. This results in improved throttle response and overall rideability.



==================================================
≡ƒº¬ TEST 2: EXISTING LEAD (isKnownLead = true)
==================================================
User: Hi, I have a KTM Duke 390. Does FuelX Autotune make a big difference?

Race Bot (Expected to ONLY answer the technical question):

Yes, FuelX Autotune can make a noticeable difference on the KTM Duke 390. It optimizes fuel delivery by adapting to various factors like riding style, modifications, and environmental conditions, which can improve throttle response and overall rideability. Are you considering the Pro or Lite version?


==================================================
Tests Complete.
